// Jest Snapshot v1, https://goo.gl/fbAQLP

exports[`should take a snapshot 1`] = `
<DocumentFragment>
  <div>
    <button
      data-testid="increment"
    >
      +
    </button>
    <p
      data-testid="counter"
    >
      0
    </p>
    <button
      data-testid="decrement"
      disabled=""
    >
      -
    </button>
  </div>
</DocumentFragment>
`;
